I'm sorry, but errors were detected in your script. Please correct the
errors listed below, and try again.


The label goodending3 is defined twice, at File "game/script.rpy", line 357:
label goodending3:
and File "game/script.rpy", line 384:
label goodending3:


Ren'Py Version: Ren'Py 8.2.1.24030407
Thu Jun 20 21:39:01 2024
